---
source: crates/textual-rs/tests/snapshot_tests.rs
expression: "format!(\"{}\", large.backend())"
---
"Hello, World!                           "
"                                        "
"                                        "
"                                        "
"                                        "
