---
source: crates/textual-rs/tests/widget_tests.rs
expression: "format!(\"{}\", test_app.backend())"
---
"Title                                                       "
"                                                            "
"Bold text and italic text.                                  "
"                                                            "
"  • item one                                                "
"  • item two                                                "
"                                                            "
"link                                                        "
"                                                            "
"────────────────────────────────────────                    "
"  fn hello() {}                                             "
"                                                            "
"                                                            "
"                                                            "
"                                                            "
"                                                            "
"                                                            "
"                                                            "
"                                                            "
"                                                            "
